6 | What is the significance of the "faultless way" in spiritual growth?
13 | What is the effect of disappointment on the life of a person waiting?
31 | What is the ultimate source of happiness for a person?
59 | What is the consequence of a man's wife seeking no praise for chastity?
62 | What is the benefit of having virtuous children in terms of karma?
76 | Does love help individuals overcome negative habits and vices in their lives?
90 | What happens to a guest when their host turns their face away?
91 | What makes a person's words considered virtuous and trustworthy in communication?
109 | Does a single act of kindness or benefit outweigh a severe past hurt?
114 | How can one determine a person's character by observing their children?
121 | How can self-control elevate a person's spiritual status and overall well-being?
132 | What is the importance of maintaining proper behavior in daily life?
147 | What is the ideal behavior of a husband towards his wife in marriage?
162 | What is the value of being free from envy towards others in life?
174 | How do wise individuals manage their desires when they feel financially insecure?
182 | Is backstabbing worse than any other form of sin or immoral behavior?
199 | What is the benefit of a wise person who avoids speaking unnecessary words?
207 | What is the consequence of unresolved sin in one's life?
211 | What is the value of kindness or generosity to someone who doesn't reciprocate?
230 | Is death more bearable when we are unable to show kindness to others?
232 | How does giving alms to the poor benefit the giver in the world?
244 | What is the outcome for a person who shows kindness to all living beings?
260 | What is the significance of compassion towards all living beings in Hinduism?
261 | What is the purpose of spiritual practice if it causes personal suffering?
297 | Is honesty a more important virtue than other moral qualities in a person?
301 | Is it necessary to control anger when it can't harm anyone anyway?
314 | What is the ideal way to respond to someone who has wronged you?
321 | What is the moral implication of harming or destroying human life?
339 | What is the nature of life and death in terms of sleep and awakening?
343 | What is the goal of a spiritual ascetic who renounces worldly desires?
367 | What is the relationship between desire and achieving spiritual immortality?
389 | What is the role of a ruler in maintaining social harmony and order?
392 | What role do letters and numbers play in a person's perception and understanding?
410 | How do learned individuals view those who are not familiar with their works?
415 | What is the significance of good words in navigating life's uncertain situations?
429 | What is the benefit of foreknowledge and preparation in avoiding calamities?
433 | What happens to a person who fears guilt for a minor mistake?
442 | What is the role of a king towards his citizens in difficult times?
460 | How does the company of good people impact one's life and well-being?
470 | What is the importance of self-reflection in maintaining a good reputation?
474 | What happens to someone who overestimates their abilities and lacks self-awareness?
486 | What is the benefit of waiting for the right moment to act?
492 | What is the strategic value of attacking a fortified position?
509 | How should a king make decisions about who to trust in his kingdom?
512 | What is the role of a wise ruler in maintaining the kingdom's prosperity?
530 | What should a king do when a former vassal returns to reclaim their position?
531 | What can lead to negative consequences when we are extremely happy?
550 | Is it wise to punish with death when there's still life to be saved?
554 | What happens when a ruler disregards the consequences of their actions?
568 | What happens when a leader delegates decision-making to others without self-reflection?
579 | What is the ideal attitude to have towards someone who has wronged us?
587 | What is the definition of a person who can uncover hidden truths?
596 | Can a person's true greatness be taken away by external circumstances?
608 | How can idleness affect even the most powerful and wealthy individuals?
620 | What is the secret to overcoming fear and staying motivated in difficult times?
628 | Is seeking pleasure and accepting distress as natural a key to happiness?
636 | How can one surpass someone with natural intelligence and education through strategy alone?
645 | How can I confidently express my opinions without being swayed by opposing views?
654 | What is the moral lesson for leaders in the face of danger or adversity?
674 | What happens when a task is not completed successfully and hostility arises?
682 | What qualifications make an ambassador effective in their interactions with other rulers?
700 | What happens when a minister's familiarity with the king leads to poor judgment?
705 | Can our own eyes truly judge the beauty of another's eyes?
719 | When should one speak highly of virtues in a gathering of the virtuous?
728 | What is the value of education if one cannot speak well in public?
736 | What is the ideal state of a kingdom in terms of self-defense and prosperity?
748 | What does it mean to "overcome" without losing one's ground in a challenge?
755 | What is the moral implication of accumulating wealth without showing mercy and love?
770 | What is the key to a successful army's long-term stability and success?
772 | What is the advantage of missing a target rather than hitting the wrong one?
782 | What is the difference between the growth and decline of wise and foolish friendships?
799 | What is the value of true friendship in times of great hardship?
813 | What is the common trait among those who prioritize material gain over relationships?
826 | How can one discern true intentions from flattery or insincere words?
833 | What are the characteristics of a foolish person in terms of behavior?
848 | What is the nature of a person who refuses to follow guidance?
857 | What is the consequence of solely focusing on revenge and hatred towards others?
861 | What is the moral of treating the strong with respect and the weak with disdain?
872 | What is the difference between a warrior's and a minister's approach to conflict?
889 | How small can internal hatred still cause significant harm to a person?
900 | What happens to those who are powerful but lack self-discipline and control?
906 | What is the value of humility in a relationship with a strong partner?
916 | What happens when someone seeks praise from others for their own good deeds?
926 | Does doing something that has consequences equal the consequences of the action?
940 | How does attachment to worldly pleasures affect one's spiritual well-being?
948 | What is the primary goal of a physician in treating a patient?
960 | How does modesty contribute to a good reputation in society?
968 | What is the point of preserving one's dignity in the face of defeat?
972 | Why do people share a common origin but exhibit unique characteristics?
982 | What is the distinction between true and worldly pleasures in a virtuous person?
995 | Can we still show kindness to someone we dislike, even if they provoke us?
1008 | What is the significance of the etty tree in this metaphorical context?
1012 | What distinguishes a virtuous person from an ordinary person in terms of behavior?
1021 | What is the most important quality for a parent to possess?
1035 | What is the moral of the person who earns by hard work and gives?
1050 | What is the fate of the poor who refuse to give up worldly possessions?
1058 | What would happen if everyone had enough to meet their basic needs?
1065 | What is the value of hard work and perseverance in achieving true happiness?
1077 | What is the moral of being humble and not being easily swayed?
1086 | How can a woman's eyebrows be used to conceal her emotional vulnerability?
1091 | What is the purpose of a person's gaze in determining their character traits?
1108 | What is the significance of a gentle breeze in a romantic relationship?
1116 | What happens when beauty and truth become indistinguishable in a person?
1140 | Why do people laugh at us, even if they don't know our inner struggles?
1142 | How does gossip spread quickly about someone, even if they are unaware of it?
1158 | What is the nature of pain in relationships versus social isolation?
1161 | How does releasing one's emotions to others help alleviate emotional pain?
1193 | What is the condition for someone to truly value their own life?
1204 | Does the presence of God in our soul reciprocate in our presence of Him?
1217 | What is the relationship between one's waking life and their dreams?
1227 | What is the nature of a problem that worsens over time?
1238 | What is the consequence of breaking a romantic relationship?
1242 | What is the advice given to one who has fallen into foolish behavior?
1268 | What is the ideal balance between worldly success and personal happiness?
1277 | What does it mean for someone to be separated from their loved one?
1289 | What is the subtlety and complexity of human sexual pleasure?
1295 | What is the paradoxical nature of one's emotional state in a relationship?
1303 | What is the moral of rejecting someone who has pretended to dislike you?
1317 | What does a change in heart reveal about the depth of a loved one's feelings?
1329 | What is the ideal approach to win back a lost love's affection?
